Date: 2016-11-20  Time: 20:39:31

Number of elements    nEl = 2
Number of nodes      nNod = 176
Number of dimensions nDim = 2
Memory for global matrix:    0.01 MB
Loadstep 1

Solution time =       0.05 s
